[dotenv@17.3.1] injecting env (4) from .env -- tip: ≡ƒ¢í∩╕Å auth for agents: https://vestauth.com

Running 2 tests using 1 worker

[1A[2K[dotenv@17.3.1] injecting env (0) from .env -- tip: ≡ƒ¢á∩╕Å  run anywhere with `dotenvx run -- yourcommand`

[1A[2K[1/2] [setup] ΓÇ║ tests\auth\auth.setup.ts:6:6 ΓÇ║ authenticate
[1A[2K[setup] ΓÇ║ tests\auth\auth.setup.ts:6:6 ΓÇ║ authenticate
Login attempt completed. Cookies found: [33m1[39m

[1A[2K[dotenv@17.3.1] injecting env (0) from .env -- tip: ≡ƒ¢í∩╕Å auth for agents: https://vestauth.com

[1A[2K[2/2] [chromium] ΓÇ║ tests\dashboard\hybrid-category.spec.ts:32:9 ΓÇ║ Hybrid Category CRUD (FE + BE Validation) ΓÇ║ should create category via UI and validate via BE API
[1A[2K[chromium] ΓÇ║ tests\dashboard\hybrid-category.spec.ts:32:9 ΓÇ║ Hybrid Category CRUD (FE + BE Validation) ΓÇ║ should create category via UI and validate via BE API
Starting FE-BE Hybrid Test

[1A[2KCategory Code: CAT-1771504470889, Name: Test Category 1771504470889

[1A[2KNavigated to base URL

[1A[2KClicked Master menu

[1A[2KClicked Kategori link

[1A[2KReached Category page

[1A[2KAttempting to create category...

[1A[2KClicked Tambah button

[1A[2KForm input visible

[1A[2KFilling Code field...

[1A[2K  1) [chromium] ΓÇ║ tests\dashboard\hybrid-category.spec.ts:32:9 ΓÇ║ Hybrid Category CRUD (FE + BE Validation) ΓÇ║ should create category via UI and validate via BE API 

    TimeoutError: locator.fill: Timeout 15000ms exceeded.
    Call log:
    [2m  - waiting for locator('input[name="code"]').or(getByPlaceholder(/kode/i))[22m
    [2m    - locator resolved to <input disabled type="text" value="KAT002" data-slot="input" data-filled="true" data-filled-within="true" id="react-aria7538455388-_r_s_" placeholder="Masukkan Kode Kategori" aria-labelledby="react-aria7538455388-_r_t_" class="w-full font-normal bg-transparent !outline-hidden placeholder:text-foreground-500 focus-visible:outline-hidden data-[has-start-content=true]:ps-1.5 data-[has-end-content=true]:pe-1.5 data-[type=color]:rounded-none file:cursor-pointer file:bg-transparent file:border-0 autofill:bΓÇª/>[22m
    [2m    - fill("CAT-1771504470889")[22m
    [2m  - attempting fill action[22m
    [2m    2 ├ù waiting for element to be visible, enabled and editable[22m
    [2m      - element is not enabled[22m
    [2m    - retrying fill action[22m
    [2m    - waiting 20ms[22m
    [2m    2 ├ù waiting for element to be visible, enabled and editable[22m
    [2m      - element is not enabled[22m
    [2m    - retrying fill action[22m
    [2m      - waiting 100ms[22m
    [2m    29 ├ù waiting for element to be visible, enabled and editable[22m
    [2m       - element is not enabled[22m
    [2m     - retrying fill action[22m
    [2m       - waiting 500ms[22m


      77 |         // Refined locators based on typical naming conventions if placeholders fail
      78 |         console.log('Filling Code field...');
    > 79 |         await codeInput.fill(categoryCode);
         |                         ^
      80 |         console.log('Filled Code field');
      81 |
      82 |         console.log('Filling Name field...');
        at C:\Users\anand\Documents\Equanimity\automation-test-mcu\tests\dashboard\hybrid-category.spec.ts:79:25

    Error Context: test-results\dashboard-hybrid-category--fbf2e--UI-and-validate-via-BE-API-chromium\error-context.md


[1A[2K  1 failed
    [chromium] ΓÇ║ tests\dashboard\hybrid-category.spec.ts:32:9 ΓÇ║ Hybrid Category CRUD (FE + BE Validation) ΓÇ║ should create category via UI and validate via BE API 
  1 passed (23.2s)

To open last HTML report run:
[36m[39m
[36m  npx playwright show-report[39m
[36m[39m
